Script started at Sun Jul  6 14:02:36 ADT 2025
Summaries will be saved to autoregression.txt
Processing after-phrenology-neural-reuse-and-the-interactive-brain.txt
Temporary directory created: /mnt/c/Users/nateg/OneDrive/Documentos/GitHub/gamma-waves/data/text/tmp_after-phrenology-neural-reuse-and-the-interactive-brain.txt_cORbMt
File split into chunks: /mnt/c/Users/nateg/OneDrive/Documentos/GitHub/gamma-waves/data/text/tmp_after-phrenology-neural-reuse-and-the-interactive-brain.txt_cORbMt/chunk_aa
/mnt/c/Users/nateg/OneDrive/Documentos/GitHub/gamma-waves/data/text/tmp_after-phrenology-neural-reuse-and-the-interactive-brain.txt_cORbMt/chunk_ab
/mnt/c/Users/nateg/OneDrive/Documentos/GitHub/gamma-waves/data/text/tmp_after-phrenology-neural-reuse-and-the-interactive-brain.txt_cORbMt/chunk_ac
/mnt/c/Users/nateg/OneDrive/Documentos/GitHub/gamma-waves/data/text/tmp_after-phrenology-neural-reuse-and-the-interactive-brain.txt_cORbMt/chunk_ad
/mnt/c/Users/nateg/OneDrive/Documentos/GitHub/gamma-waves/data/text/tmp_after-phrenology-neural-reuse-and-the-interactive-brain.txt_cORbMt/chunk_ae
/mnt/c/Users/nateg/OneDrive/Documentos/GitHub/gamma-waves/data/text/tmp_after-phrenology-neural-reuse-and-the-interactive-brain.txt_cORbMt/chunk_af
/mnt/c/Users/nateg/OneDrive/Documentos/GitHub/gamma-waves/data/text/tmp_after-phrenology-neural-reuse-and-the-interactive-brain.txt_cORbMt/chunk_ag
/mnt/c/Users/nateg/OneDrive/Documentos/GitHub/gamma-waves/data/text/tmp_after-phrenology-neural-reuse-and-the-interactive-brain.txt_cORbMt/chunk_ah
/mnt/c/Users/nateg/OneDrive/Documentos/GitHub/gamma-waves/data/text/tmp_after-phrenology-neural-reuse-and-the-interactive-brain.txt_cORbMt/chunk_ai
/mnt/c/Users/nateg/OneDrive/Documentos/GitHub/gamma-waves/data/text/tmp_after-phrenology-neural-reuse-and-the-interactive-brain.txt_cORbMt/chunk_aj
/mnt/c/Users/nateg/OneDrive/Documentos/GitHub/gamma-waves/data/text/tmp_after-phrenology-neural-reuse-and-the-interactive-brain.txt_cORbMt/chunk_ak
/mnt/c/Users/nateg/OneDrive/Documentos/GitHub/gamma-waves/data/text/tmp_after-phrenology-neural-reuse-and-the-interactive-brain.txt_cORbMt/chunk_al
/mnt/c/Users/nateg/OneDrive/Documentos/GitHub/gamma-waves/data/text/tmp_after-phrenology-neural-reuse-and-the-interactive-brain.txt_cORbMt/chunk_am
/mnt/c/Users/nateg/OneDrive/Documentos/GitHub/gamma-waves/data/text/tmp_after-phrenology-neural-reuse-and-the-interactive-brain.txt_cORbMt/chunk_an
/mnt/c/Users/nateg/OneDrive/Documentos/GitHub/gamma-waves/data/text/tmp_after-phrenology-neural-reuse-and-the-interactive-brain.txt_cORbMt/chunk_ao
/mnt/c/Users/nateg/OneDrive/Documentos/GitHub/gamma-waves/data/text/tmp_after-phrenology-neural-reuse-and-the-interactive-brain.txt_cORbMt/chunk_ap
/mnt/c/Users/nateg/OneDrive/Documentos/GitHub/gamma-waves/data/text/tmp_after-phrenology-neural-reuse-and-the-interactive-brain.txt_cORbMt/chunk_aq
/mnt/c/Users/nateg/OneDrive/Documentos/GitHub/gamma-waves/data/text/tmp_after-phrenology-neural-reuse-and-the-interactive-brain.txt_cORbMt/chunk_ar
/mnt/c/Users/nateg/OneDrive/Documentos/GitHub/gamma-waves/data/text/tmp_after-phrenology-neural-reuse-and-the-interactive-brain.txt_cORbMt/chunk_as
/mnt/c/Users/nateg/OneDrive/Documentos/GitHub/gamma-waves/data/text/tmp_after-phrenology-neural-reuse-and-the-interactive-brain.txt_cORbMt/chunk_at
/mnt/c/Users/nateg/OneDrive/Documentos/GitHub/gamma-waves/data/text/tmp_after-phrenology-neural-reuse-and-the-interactive-brain.txt_cORbMt/chunk_au
/mnt/c/Users/nateg/OneDrive/Documentos/GitHub/gamma-waves/data/text/tmp_after-phrenology-neural-reuse-and-the-interactive-brain.txt_cORbMt/chunk_av
/mnt/c/Users/nateg/OneDrive/Documentos/GitHub/gamma-waves/data/text/tmp_after-phrenology-neural-reuse-and-the-interactive-brain.txt_cORbMt/chunk_aw
/mnt/c/Users/nateg/OneDrive/Documentos/GitHub/gamma-waves/data/text/tmp_after-phrenology-neural-reuse-and-the-interactive-brain.txt_cORbMt/chunk_ax
/mnt/c/Users/nateg/OneDrive/Documentos/GitHub/gamma-waves/data/text/tmp_after-phrenology-neural-reuse-and-the-interactive-brain.txt_cORbMt/chunk_ay
/mnt/c/Users/nateg/OneDrive/Documentos/GitHub/gamma-waves/data/text/tmp_after-phrenology-neural-reuse-and-the-interactive-brain.txt_cORbMt/chunk_az
/mnt/c/Users/nateg/OneDrive/Documentos/GitHub/gamma-waves/data/text/tmp_after-phrenology-neural-reuse-and-the-interactive-brain.txt_cORbMt/chunk_ba
/mnt/c/Users/nateg/OneDrive/Documentos/GitHub/gamma-waves/data/text/tmp_after-phrenology-neural-reuse-and-the-interactive-brain.txt_cORbMt/chunk_bb
/mnt/c/Users/nateg/OneDrive/Documentos/GitHub/gamma-waves/data/text/tmp_after-phrenology-neural-reuse-and-the-interactive-brain.txt_cORbMt/chunk_bc
/mnt/c/Users/nateg/OneDrive/Documentos/GitHub/gamma-waves/data/text/tmp_after-phrenology-neural-reuse-and-the-interactive-brain.txt_cORbMt/chunk_bd
/mnt/c/Users/nateg/OneDrive/Documentos/GitHub/gamma-waves/data/text/tmp_after-phrenology-neural-reuse-and-the-interactive-brain.txt_cORbMt/chunk_be
/mnt/c/Users/nateg/OneDrive/Documentos/GitHub/gamma-waves/data/text/tmp_after-phrenology-neural-reuse-and-the-interactive-brain.txt_cORbMt/chunk_bf
/mnt/c/Users/nateg/OneDrive/Documentos/GitHub/gamma-waves/data/text/tmp_after-phrenology-neural-reuse-and-the-interactive-brain.txt_cORbMt/chunk_bg
/mnt/c/Users/nateg/OneDrive/Documentos/GitHub/gamma-waves/data/text/tmp_after-phrenology-neural-reuse-and-the-interactive-brain.txt_cORbMt/chunk_bh
/mnt/c/Users/nateg/OneDrive/Documentos/GitHub/gamma-waves/data/text/tmp_after-phrenology-neural-reuse-and-the-interactive-brain.txt_cORbMt/chunk_bi
/mnt/c/Users/nateg/OneDrive/Documentos/GitHub/gamma-waves/data/text/tmp_after-phrenology-neural-reuse-and-the-interactive-brain.txt_cORbMt/chunk_bj
/mnt/c/Users/nateg/OneDrive/Documentos/GitHub/gamma-waves/data/text/tmp_after-phrenology-neural-reuse-and-the-interactive-brain.txt_cORbMt/chunk_bk
/mnt/c/Users/nateg/OneDrive/Documentos/GitHub/gamma-waves/data/text/tmp_after-phrenology-neural-reuse-and-the-interactive-brain.txt_cORbMt/chunk_bl
/mnt/c/Users/nateg/OneDrive/Documentos/GitHub/gamma-waves/data/text/tmp_after-phrenology-neural-reuse-and-the-interactive-brain.txt_cORbMt/chunk_bm
/mnt/c/Users/nateg/OneDrive/Documentos/GitHub/gamma-waves/data/text/tmp_after-phrenology-neural-reuse-and-the-interactive-brain.txt_cORbMt/chunk_bn
/mnt/c/Users/nateg/OneDrive/Documentos/GitHub/gamma-waves/data/text/tmp_after-phrenology-neural-reuse-and-the-interactive-brain.txt_cORbMt/chunk_bo
/mnt/c/Users/nateg/OneDrive/Documentos/GitHub/gamma-waves/data/text/tmp_after-phrenology-neural-reuse-and-the-interactive-brain.txt_cORbMt/chunk_bp
/mnt/c/Users/nateg/OneDrive/Documentos/GitHub/gamma-waves/data/text/tmp_after-phrenology-neural-reuse-and-the-interactive-brain.txt_cORbMt/chunk_bq
/mnt/c/Users/nateg/OneDrive/Documentos/GitHub/gamma-waves/data/text/tmp_after-phrenology-neural-reuse-and-the-interactive-brain.txt_cORbMt/chunk_br
/mnt/c/Users/nateg/OneDrive/Documentos/GitHub/gamma-waves/data/text/tmp_after-phrenology-neural-reuse-and-the-interactive-brain.txt_cORbMt/chunk_bs
/mnt/c/Users/nateg/OneDrive/Documentos/GitHub/gamma-waves/data/text/tmp_after-phrenology-neural-reuse-and-the-interactive-brain.txt_cORbMt/chunk_bt
/mnt/c/Users/nateg/OneDrive/Documentos/GitHub/gamma-waves/data/text/tmp_after-phrenology-neural-reuse-and-the-interactive-brain.txt_cORbMt/chunk_bu
/mnt/c/Users/nateg/OneDrive/Documentos/GitHub/gamma-waves/data/text/tmp_after-phrenology-neural-reuse-and-the-interactive-brain.txt_cORbMt/chunk_bv
/mnt/c/Users/nateg/OneDrive/Documentos/GitHub/gamma-waves/data/text/tmp_after-phrenology-neural-reuse-and-the-interactive-brain.txt_cORbMt/chunk_bw
/mnt/c/Users/nateg/OneDrive/Documentos/GitHub/gamma-waves/data/text/tmp_after-phrenology-neural-reuse-and-the-interactive-brain.txt_cORbMt/chunk_bx
/mnt/c/Users/nateg/OneDrive/Documentos/GitHub/gamma-waves/data/text/tmp_after-phrenology-neural-reuse-and-the-interactive-brain.txt_cORbMt/chunk_by
/mnt/c/Users/nateg/OneDrive/Documentos/GitHub/gamma-waves/data/text/tmp_after-phrenology-neural-reuse-and-the-interactive-brain.txt_cORbMt/chunk_bz
/mnt/c/Users/nateg/OneDrive/Documentos/GitHub/gamma-waves/data/text/tmp_after-phrenology-neural-reuse-and-the-interactive-brain.txt_cORbMt/chunk_ca
Temporary directory /mnt/c/Users/nateg/OneDrive/Documentos/GitHub/gamma-waves/data/text/tmp_after-phrenology-neural-reuse-and-the-interactive-brain.txt_cORbMt removed
after-phrenology-neural-reuse-and-the-interactive-brain.txt
Processing empiricism-and-philosophy-of-mind.txt
Temporary directory created: /mnt/c/Users/nateg/OneDrive/Documentos/GitHub/gamma-waves/data/text/tmp_empiricism-and-philosophy-of-mind.txt_dP8wLo
File split into chunks: /mnt/c/Users/nateg/OneDrive/Documentos/GitHub/gamma-waves/data/text/tmp_empiricism-and-philosophy-of-mind.txt_dP8wLo/chunk_aa
/mnt/c/Users/nateg/OneDrive/Documentos/GitHub/gamma-waves/data/text/tmp_empiricism-and-philosophy-of-mind.txt_dP8wLo/chunk_ab
/mnt/c/Users/nateg/OneDrive/Documentos/GitHub/gamma-waves/data/text/tmp_empiricism-and-philosophy-of-mind.txt_dP8wLo/chunk_ac
/mnt/c/Users/nateg/OneDrive/Documentos/GitHub/gamma-waves/data/text/tmp_empiricism-and-philosophy-of-mind.txt_dP8wLo/chunk_ad
/mnt/c/Users/nateg/OneDrive/Documentos/GitHub/gamma-waves/data/text/tmp_empiricism-and-philosophy-of-mind.txt_dP8wLo/chunk_ae
/mnt/c/Users/nateg/OneDrive/Documentos/GitHub/gamma-waves/data/text/tmp_empiricism-and-philosophy-of-mind.txt_dP8wLo/chunk_af
/mnt/c/Users/nateg/OneDrive/Documentos/GitHub/gamma-waves/data/text/tmp_empiricism-and-philosophy-of-mind.txt_dP8wLo/chunk_ag
/mnt/c/Users/nateg/OneDrive/Documentos/GitHub/gamma-waves/data/text/tmp_empiricism-and-philosophy-of-mind.txt_dP8wLo/chunk_ah
/mnt/c/Users/nateg/OneDrive/Documentos/GitHub/gamma-waves/data/text/tmp_empiricism-and-philosophy-of-mind.txt_dP8wLo/chunk_ai
/mnt/c/Users/nateg/OneDrive/Documentos/GitHub/gamma-waves/data/text/tmp_empiricism-and-philosophy-of-mind.txt_dP8wLo/chunk_aj
