\BOOKMARK [0][-]{section*.1}{\376\377\000C\000o\000n\000t\000e\000n\000t\000s}{}% 1
\BOOKMARK [0][-]{section*.2}{\376\377\000L\000i\000s\000t\000\040\000o\000f\000\040\000F\000i\000g\000u\000r\000e\000s}{}% 2
\BOOKMARK [-1][-]{part.1}{\376\377\000C\000o\000g\000n\000i\000t\000i\000v\000e\000\040\000S\000y\000s\000t\000e\000m\000s\000\040\000\046\000\040\000A\000I\000\040\000A\000r\000c\000h\000i\000t\000e\000c\000t\000u\000r\000e}{}% 3
\BOOKMARK [0][-]{chapter.1}{\376\377\000S\000I\000T\000H\000\040\000T\000h\000e\000o\000r\000y\000\040\000\050\000S\000e\000m\000a\000n\000t\000i\000c\000\040\000I\000n\000f\000r\000a\000s\000t\000r\000u\000c\000t\000u\000r\000e\000\040\000T\000h\000e\000o\000r\000y\000\051}{part.1}% 4
\BOOKMARK [1][-]{section.1.1}{\376\377\000S\000u\000m\000m\000a\000r\000y}{chapter.1}% 5
\BOOKMARK [1][-]{section.1.2}{\376\377\000A\000b\000s\000t\000r\000a\000c\000t}{chapter.1}% 6
\BOOKMARK [1][-]{section.1.3}{\376\377\000D\000e\000p\000e\000n\000d\000e\000n\000c\000i\000e\000s}{chapter.1}% 7
\BOOKMARK [1][-]{section.1.4}{\376\377\000K\000e\000y\000\040\000F\000o\000r\000m\000a\000l\000i\000s\000m\000s}{chapter.1}% 8
\BOOKMARK [1][-]{section.1.5}{\376\377\000A\000l\000g\000o\000r\000i\000t\000h\000m\000i\000c\000\040\000I\000m\000p\000l\000e\000m\000e\000n\000t\000a\000t\000i\000o\000n}{chapter.1}% 9
\BOOKMARK [1][-]{section.1.6}{\376\377\000M\000a\000t\000h\000e\000m\000a\000t\000i\000c\000a\000l\000\040\000A\000p\000p\000e\000n\000d\000i\000x}{chapter.1}% 10
\BOOKMARK [1][-]{section.1.7}{\376\377\000I\000n\000t\000e\000g\000r\000a\000t\000i\000o\000n\000\040\000N\000o\000t\000e\000s}{chapter.1}% 11
\BOOKMARK [1][-]{section.1.8}{\376\377\000R\000e\000f\000e\000r\000e\000n\000c\000e\000s\000\040\000t\000o\000\040\000C\000r\000o\000s\000s\000-\000P\000r\000o\000j\000e\000c\000t\000\040\000A\000p\000p\000e\000n\000d\000i\000c\000e\000s}{chapter.1}% 12
\BOOKMARK [0][-]{chapter.2}{\376\377\000I\000n\000f\000o\000r\000g\000a\000n\000i\000c\000\040\000C\000o\000d\000e\000x}{part.1}% 13
\BOOKMARK [1][-]{section.2.1}{\376\377\000S\000u\000m\000m\000a\000r\000y}{chapter.2}% 14
\BOOKMARK [1][-]{section.2.2}{\376\377\000A\000b\000s\000t\000r\000a\000c\000t}{chapter.2}% 15
\BOOKMARK [1][-]{section.2.3}{\376\377\000D\000e\000p\000e\000n\000d\000e\000n\000c\000i\000e\000s}{chapter.2}% 16
\BOOKMARK [1][-]{section.2.4}{\376\377\000K\000e\000y\000\040\000F\000o\000r\000m\000a\000l\000i\000s\000m\000s}{chapter.2}% 17
\BOOKMARK [1][-]{section.2.5}{\376\377\000M\000a\000t\000h\000e\000m\000a\000t\000i\000c\000a\000l\000\040\000A\000p\000p\000e\000n\000d\000i\000x}{chapter.2}% 18
\BOOKMARK [1][-]{section.2.6}{\376\377\000I\000n\000t\000e\000g\000r\000a\000t\000i\000o\000n\000\040\000N\000o\000t\000e\000s}{chapter.2}% 19
\BOOKMARK [-1][-]{part.2}{\376\377\000S\000p\000e\000c\000u\000l\000a\000t\000i\000v\000e\000\040\000P\000h\000y\000s\000i\000c\000s\000\040\000\046\000\040\000C\000o\000s\000m\000o\000l\000o\000g\000y}{}% 20
\BOOKMARK [0][-]{chapter.3}{\376\377\000R\000S\000V\000P\000\040\000F\000i\000e\000l\000d\000\040\000T\000h\000e\000o\000r\000y}{part.2}% 21
\BOOKMARK [1][-]{section.3.1}{\376\377\000S\000u\000m\000m\000a\000r\000y}{chapter.3}% 22
\BOOKMARK [1][-]{section.3.2}{\376\377\000A\000b\000s\000t\000r\000a\000c\000t}{chapter.3}% 23
\BOOKMARK [1][-]{section.3.3}{\376\377\000D\000e\000p\000e\000n\000d\000e\000n\000c\000i\000e\000s}{chapter.3}% 24
\BOOKMARK [1][-]{section.3.4}{\376\377\000K\000e\000y\000\040\000F\000o\000r\000m\000a\000l\000i\000s\000m\000s}{chapter.3}% 25
\BOOKMARK [1][-]{section.3.5}{\376\377\000M\000a\000t\000h\000e\000m\000a\000t\000i\000c\000a\000l\000\040\000A\000p\000p\000e\000n\000d\000i\000x}{chapter.3}% 26
\BOOKMARK [1][-]{section.3.6}{\376\377\000I\000n\000t\000e\000g\000r\000a\000t\000i\000o\000n\000\040\000N\000o\000t\000e\000s}{chapter.3}% 27
\BOOKMARK [0][-]{chapter.4}{\376\377\000R\000S\000V\000P\000\040\000A\000K\000S\000Z\000/\000B\000V\000\040\000F\000o\000r\000m\000a\000l\000i\000s\000m}{part.2}% 28
\BOOKMARK [1][-]{section.4.1}{\376\377\000S\000u\000m\000m\000a\000r\000y}{chapter.4}% 29
\BOOKMARK [1][-]{section.4.2}{\376\377\000A\000b\000s\000t\000r\000a\000c\000t}{chapter.4}% 30
\BOOKMARK [1][-]{section.4.3}{\376\377\000D\000e\000p\000e\000n\000d\000e\000n\000c\000i\000e\000s}{chapter.4}% 31
\BOOKMARK [1][-]{section.4.4}{\376\377\000K\000e\000y\000\040\000F\000o\000r\000m\000a\000l\000i\000s\000m\000s}{chapter.4}% 32
\BOOKMARK [1][-]{section.4.5}{\376\377\000M\000a\000t\000h\000e\000m\000a\000t\000i\000c\000a\000l\000\040\000A\000p\000p\000e\000n\000d\000i\000x}{chapter.4}% 33
\BOOKMARK [1][-]{section.4.6}{\376\377\000I\000n\000t\000e\000g\000r\000a\000t\000i\000o\000n\000\040\000N\000o\000t\000e\000s}{chapter.4}% 34
\BOOKMARK [0][-]{chapter.5}{\376\377\000R\000S\000V\000P\000\040\000C\000o\000s\000m\000o\000l\000o\000g\000y}{part.2}% 35
\BOOKMARK [1][-]{section.5.1}{\376\377\000S\000u\000m\000m\000a\000r\000y}{chapter.5}% 36
\BOOKMARK [1][-]{section.5.2}{\376\377\000A\000b\000s\000t\000r\000a\000c\000t}{chapter.5}% 37
\BOOKMARK [1][-]{section.5.3}{\376\377\000D\000e\000p\000e\000n\000d\000e\000n\000c\000i\000e\000s}{chapter.5}% 38
\BOOKMARK [1][-]{section.5.4}{\376\377\000K\000e\000y\000\040\000F\000o\000r\000m\000a\000l\000i\000s\000m\000s}{chapter.5}% 39
\BOOKMARK [1][-]{section.5.5}{\376\377\000M\000a\000t\000h\000e\000m\000a\000t\000i\000c\000a\000l\000\040\000A\000p\000p\000e\000n\000d\000i\000x}{chapter.5}% 40
\BOOKMARK [1][-]{section.5.6}{\376\377\000I\000n\000t\000e\000g\000r\000a\000t\000i\000o\000n\000\040\000N\000o\000t\000e\000s}{chapter.5}% 41
\BOOKMARK [0][-]{chapter.6}{\376\377\000C\000r\000y\000s\000t\000a\000l\000\040\000P\000l\000e\000n\000u\000m\000\040\000T\000h\000e\000o\000r\000y}{part.2}% 42
\BOOKMARK [1][-]{section.6.1}{\376\377\000S\000u\000m\000m\000a\000r\000y}{chapter.6}% 43
\BOOKMARK [1][-]{section.6.2}{\376\377\000A\000b\000s\000t\000r\000a\000c\000t}{chapter.6}% 44
\BOOKMARK [1][-]{section.6.3}{\376\377\000D\000e\000p\000e\000n\000d\000e\000n\000c\000i\000e\000s}{chapter.6}% 45
\BOOKMARK [1][-]{section.6.4}{\376\377\000K\000e\000y\000\040\000F\000o\000r\000m\000a\000l\000i\000s\000m\000s}{chapter.6}% 46
\BOOKMARK [1][-]{section.6.5}{\376\377\000M\000a\000t\000h\000e\000m\000a\000t\000i\000c\000a\000l\000\040\000A\000p\000p\000e\000n\000d\000i\000x}{chapter.6}% 47
\BOOKMARK [1][-]{section.6.6}{\376\377\000I\000n\000t\000e\000g\000r\000a\000t\000i\000o\000n\000\040\000N\000o\000t\000e\000s}{chapter.6}% 48
\BOOKMARK [0][-]{chapter.7}{\376\377\000L\000a\000m\000p\000h\000r\000o\000n\000\040\000\046\000\040\000L\000a\000m\000p\000h\000r\000o\000d\000y\000n\000e\000\040\000S\000t\000a\000t\000e\000s}{part.2}% 49
\BOOKMARK [1][-]{section.7.1}{\376\377\000S\000u\000m\000m\000a\000r\000y}{chapter.7}% 50
\BOOKMARK [1][-]{section.7.2}{\376\377\000A\000b\000s\000t\000r\000a\000c\000t}{chapter.7}% 51
\BOOKMARK [1][-]{section.7.3}{\376\377\000D\000e\000p\000e\000n\000d\000e\000n\000c\000i\000e\000s}{chapter.7}% 52
\BOOKMARK [1][-]{section.7.4}{\376\377\000K\000e\000y\000\040\000F\000o\000r\000m\000a\000l\000i\000s\000m\000s}{chapter.7}% 53
\BOOKMARK [1][-]{section.7.5}{\376\377\000M\000a\000t\000h\000e\000m\000a\000t\000i\000c\000a\000l\000\040\000A\000p\000p\000e\000n\000d\000i\000x}{chapter.7}% 54
\BOOKMARK [1][-]{section.7.6}{\376\377\000I\000n\000t\000e\000g\000r\000a\000t\000i\000o\000n\000\040\000N\000o\000t\000e\000s}{chapter.7}% 55
\BOOKMARK [-1][-]{part.3}{\376\377\000H\000a\000r\000d\000w\000a\000r\000e\000\040\000P\000r\000o\000t\000o\000t\000y\000p\000e\000s\000\040\000\046\000\040\000D\000e\000s\000i\000g\000n\000s}{}% 56
\BOOKMARK [0][-]{chapter.8}{\376\377\000W\000o\000m\000b\000\040\000B\000o\000d\000y\000\040\000B\000i\000o\000f\000o\000r\000g\000e}{part.3}% 57
\BOOKMARK [1][-]{section.8.1}{\376\377\000S\000u\000m\000m\000a\000r\000y}{chapter.8}% 58
\BOOKMARK [1][-]{section.8.2}{\376\377\000A\000b\000s\000t\000r\000a\000c\000t}{chapter.8}% 59
\BOOKMARK [1][-]{section.8.3}{\376\377\000D\000e\000p\000e\000n\000d\000e\000n\000c\000i\000e\000s}{chapter.8}% 60
\BOOKMARK [1][-]{section.8.4}{\376\377\000K\000e\000y\000\040\000F\000o\000r\000m\000a\000l\000i\000s\000m\000s}{chapter.8}% 61
\BOOKMARK [1][-]{section.8.5}{\376\377\000M\000a\000t\000h\000e\000m\000a\000t\000i\000c\000a\000l\000\040\000A\000p\000p\000e\000n\000d\000i\000x}{chapter.8}% 62
\BOOKMARK [1][-]{section.8.6}{\376\377\000I\000n\000t\000e\000g\000r\000a\000t\000i\000o\000n\000\040\000N\000o\000t\000e\000s}{chapter.8}% 63
\BOOKMARK [0][-]{chapter.9}{\376\377\000F\000r\000a\000c\000t\000a\000l\000\040\000B\000r\000a\000i\000n\000\040\000K\000e\000e\000l}{part.3}% 64
\BOOKMARK [1][-]{section.9.1}{\376\377\000S\000u\000m\000m\000a\000r\000y}{chapter.9}% 65
\BOOKMARK [1][-]{section.9.2}{\376\377\000A\000b\000s\000t\000r\000a\000c\000t}{chapter.9}% 66
\BOOKMARK [1][-]{section.9.3}{\376\377\000D\000e\000p\000e\000n\000d\000e\000n\000c\000i\000e\000s}{chapter.9}% 67
\BOOKMARK [1][-]{section.9.4}{\376\377\000K\000e\000y\000\040\000F\000o\000r\000m\000a\000l\000i\000s\000m\000s}{chapter.9}% 68
\BOOKMARK [1][-]{section.9.5}{\376\377\000M\000a\000t\000h\000e\000m\000a\000t\000i\000c\000a\000l\000\040\000A\000p\000p\000e\000n\000d\000i\000x}{chapter.9}% 69
\BOOKMARK [1][-]{section.9.6}{\376\377\000I\000n\000t\000e\000g\000r\000a\000t\000i\000o\000n\000\040\000N\000o\000t\000e\000s}{chapter.9}% 70
\BOOKMARK [-1][-]{part.4}{\376\377\000S\000o\000c\000i\000e\000t\000a\000l\000\040\000S\000y\000s\000t\000e\000m\000s\000\040\000\046\000\040\000G\000o\000v\000e\000r\000n\000a\000n\000c\000e}{}% 71
\BOOKMARK [0][-]{chapter.10}{\376\377\000A\000I\000\040\000E\000t\000h\000i\000c\000s\000\040\000v\000i\000a\000\040\000D\000i\000n\000i\000m\000\040\000S\000c\000a\000f\000f\000o\000l\000d}{part.4}% 72
\BOOKMARK [1][-]{section.10.1}{\376\377\000S\000u\000m\000m\000a\000r\000y}{chapter.10}% 73
\BOOKMARK [1][-]{section.10.2}{\376\377\000A\000b\000s\000t\000r\000a\000c\000t}{chapter.10}% 74
\BOOKMARK [1][-]{section.10.3}{\376\377\000D\000e\000p\000e\000n\000d\000e\000n\000c\000i\000e\000s}{chapter.10}% 75
\BOOKMARK [1][-]{section.10.4}{\376\377\000K\000e\000y\000\040\000F\000o\000r\000m\000a\000l\000i\000s\000m\000s}{chapter.10}% 76
\BOOKMARK [1][-]{section.10.5}{\376\377\000M\000a\000t\000h\000e\000m\000a\000t\000i\000c\000a\000l\000\040\000A\000p\000p\000e\000n\000d\000i\000x}{chapter.10}% 77
\BOOKMARK [1][-]{section.10.6}{\376\377\000I\000n\000t\000e\000g\000r\000a\000t\000i\000o\000n\000\040\000N\000o\000t\000e\000s}{chapter.10}% 78
\BOOKMARK [0][-]{chapter.11}{\376\377\000F\000r\000a\000c\000t\000a\000l\000\040\000L\000a\000b\000o\000r\000\040\000E\000n\000c\000o\000d\000i\000n\000g\000\040\000S\000y\000s\000t\000e\000m}{part.4}% 79
\BOOKMARK [1][-]{section.11.1}{\376\377\000S\000u\000m\000m\000a\000r\000y}{chapter.11}% 80
\BOOKMARK [1][-]{section.11.2}{\376\377\000A\000b\000s\000t\000r\000a\000c\000t}{chapter.11}% 81
\BOOKMARK [1][-]{section.11.3}{\376\377\000D\000e\000p\000e\000n\000d\000e\000n\000c\000i\000e\000s}{chapter.11}% 82
\BOOKMARK [1][-]{section.11.4}{\376\377\000K\000e\000y\000\040\000F\000o\000r\000m\000a\000l\000i\000s\000m\000s}{chapter.11}% 83
\BOOKMARK [1][-]{section.11.5}{\376\377\000M\000a\000t\000h\000e\000m\000a\000t\000i\000c\000a\000l\000\040\000A\000p\000p\000e\000n\000d\000i\000x}{chapter.11}% 84
\BOOKMARK [1][-]{section.11.6}{\376\377\000I\000n\000t\000e\000g\000r\000a\000t\000i\000o\000n\000\040\000N\000o\000t\000e\000s}{chapter.11}% 85
\BOOKMARK [0][-]{chapter.12}{\376\377\000O\000b\000l\000i\000c\000o\000s\000m\000\040\000D\000o\000c\000t\000r\000i\000n\000e}{part.4}% 86
\BOOKMARK [1][-]{section.12.1}{\376\377\000S\000u\000m\000m\000a\000r\000y}{chapter.12}% 87
\BOOKMARK [1][-]{section.12.2}{\376\377\000A\000b\000s\000t\000r\000a\000c\000t}{chapter.12}% 88
\BOOKMARK [1][-]{section.12.3}{\376\377\000D\000e\000p\000e\000n\000d\000e\000n\000c\000i\000e\000s}{chapter.12}% 89
\BOOKMARK [1][-]{section.12.4}{\376\377\000K\000e\000y\000\040\000F\000o\000r\000m\000a\000l\000i\000s\000m\000s}{chapter.12}% 90
\BOOKMARK [1][-]{section.12.5}{\376\377\000M\000a\000t\000h\000e\000m\000a\000t\000i\000c\000a\000l\000\040\000A\000p\000p\000e\000n\000d\000i\000x}{chapter.12}% 91
\BOOKMARK [1][-]{section.12.6}{\376\377\000I\000n\000t\000e\000g\000r\000a\000t\000i\000o\000n\000\040\000N\000o\000t\000e\000s}{chapter.12}% 92
\BOOKMARK [-1][-]{part.5}{\376\377\000O\000t\000h\000e\000r\000\040\000P\000r\000o\000j\000e\000c\000t\000s}{}% 93
\BOOKMARK [0][-]{chapter.13}{\376\377\000D\000e\000r\000i\000v\000e\000d\000\040\000L\000-\000S\000y\000s\000t\000e\000m\000\040\000S\000i\000g\000m\000a\000\040\000M\000o\000d\000e\000l\000s}{part.5}% 94
\BOOKMARK [1][-]{section.13.1}{\376\377\000S\000u\000m\000m\000a\000r\000y}{chapter.13}% 95
\BOOKMARK [1][-]{section.13.2}{\376\377\000A\000b\000s\000t\000r\000a\000c\000t}{chapter.13}% 96
\BOOKMARK [1][-]{section.13.3}{\376\377\000D\000e\000p\000e\000n\000d\000e\000n\000c\000i\000e\000s}{chapter.13}% 97
\BOOKMARK [1][-]{section.13.4}{\376\377\000K\000e\000y\000\040\000F\000o\000r\000m\000a\000l\000i\000s\000m\000s}{chapter.13}% 98
\BOOKMARK [1][-]{section.13.5}{\376\377\000M\000a\000t\000h\000e\000m\000a\000t\000i\000c\000a\000l\000\040\000A\000p\000p\000e\000n\000d\000i\000x}{chapter.13}% 99
\BOOKMARK [1][-]{section.13.6}{\376\377\000I\000n\000t\000e\000g\000r\000a\000t\000i\000o\000n\000\040\000N\000o\000t\000e\000s}{chapter.13}% 100
\BOOKMARK [-1][-]{part.6}{\376\377\000A\000p\000p\000e\000n\000d\000i\000c\000e\000s}{}% 101
\BOOKMARK [0][-]{appendix.A}{\376\377\000C\000r\000o\000s\000s\000-\000P\000r\000o\000j\000e\000c\000t\000\040\000M\000a\000t\000h\000e\000m\000a\000t\000i\000c\000a\000l\000\040\000I\000n\000t\000e\000g\000r\000a\000t\000i\000o\000n\000s}{part.6}% 102
\BOOKMARK [1][-]{section.A.1}{\376\377\000S\000u\000m\000m\000a\000r\000y}{appendix.A}% 103
\BOOKMARK [1][-]{section.A.2}{\376\377\000C\000a\000t\000e\000g\000o\000r\000y\000\040\000T\000h\000e\000o\000r\000y}{appendix.A}% 104
\BOOKMARK [1][-]{section.A.3}{\376\377\000H\000o\000m\000o\000t\000o\000p\000y\000\040\000S\000t\000r\000u\000c\000t\000u\000r\000e\000s}{appendix.A}% 105
\BOOKMARK [1][-]{section.A.4}{\376\377\000F\000u\000n\000c\000t\000o\000r\000i\000a\000l\000\040\000M\000a\000p\000p\000i\000n\000g\000s}{appendix.A}% 106
\BOOKMARK [0][-]{appendix.B}{\376\377\000P\000r\000o\000j\000e\000c\000t\000\040\000C\000a\000t\000a\000l\000o\000g}{part.6}% 107
\BOOKMARK [1][-]{section.B.1}{\376\377\000C\000o\000g\000n\000i\000t\000i\000v\000e\000\040\000S\000y\000s\000t\000e\000m\000s\000\040\000\046\000\040\000A\000I\000\040\000A\000r\000c\000h\000i\000t\000e\000c\000t\000u\000r\000e}{appendix.B}% 108
\BOOKMARK [0][-]{appendix*.70}{\376\377\000B\000i\000b\000l\000i\000o\000g\000r\000a\000p\000h\000y}{part.6}% 109
