Script started at Sun Jul  6 16:20:37 ADT 2025
Summaries will be saved to autoregressive-cognition.txt
Processing Autogeneration in Language Models.txt
Temporary directory created: /mnt/c/Users/nateg/OneDrive/Documentos/GitHub/gamma-waves/notebooks/tmp_AutogenerationinLanguageModels.txt_ZJiY9t
File split into chunks: /mnt/c/Users/nateg/OneDrive/Documentos/GitHub/gamma-waves/notebooks/tmp_AutogenerationinLanguageModels.txt_ZJiY9t/chunk_aa
Temporary directory /mnt/c/Users/nateg/OneDrive/Documentos/GitHub/gamma-waves/notebooks/tmp_AutogenerationinLanguageModels.txt_ZJiY9t removed
Autogeneration in Language Models.txt
Processing Boundary and Binding Problems.txt
Temporary directory created: /mnt/c/Users/nateg/OneDrive/Documentos/GitHub/gamma-waves/notebooks/tmp_BoundaryandBindingProblems.txt_GMuQfa
File split into chunks: /mnt/c/Users/nateg/OneDrive/Documentos/GitHub/gamma-waves/notebooks/tmp_BoundaryandBindingProblems.txt_GMuQfa/chunk_aa
/mnt/c/Users/nateg/OneDrive/Documentos/GitHub/gamma-waves/notebooks/tmp_BoundaryandBindingProblems.txt_GMuQfa/chunk_ab
/mnt/c/Users/nateg/OneDrive/Documentos/GitHub/gamma-waves/notebooks/tmp_BoundaryandBindingProblems.txt_GMuQfa/chunk_ac
/mnt/c/Users/nateg/OneDrive/Documentos/GitHub/gamma-waves/notebooks/tmp_BoundaryandBindingProblems.txt_GMuQfa/chunk_ad
/mnt/c/Users/nateg/OneDrive/Documentos/GitHub/gamma-waves/notebooks/tmp_BoundaryandBindingProblems.txt_GMuQfa/chunk_ae
/mnt/c/Users/nateg/OneDrive/Documentos/GitHub/gamma-waves/notebooks/tmp_BoundaryandBindingProblems.txt_GMuQfa/chunk_af
/mnt/c/Users/nateg/OneDrive/Documentos/GitHub/gamma-waves/notebooks/tmp_BoundaryandBindingProblems.txt_GMuQfa/chunk_ag
/mnt/c/Users/nateg/OneDrive/Documentos/GitHub/gamma-waves/notebooks/tmp_BoundaryandBindingProblems.txt_GMuQfa/chunk_ah
/mnt/c/Users/nateg/OneDrive/Documentos/GitHub/gamma-waves/notebooks/tmp_BoundaryandBindingProblems.txt_GMuQfa/chunk_ai
/mnt/c/Users/nateg/OneDrive/Documentos/GitHub/gamma-waves/notebooks/tmp_BoundaryandBindingProblems.txt_GMuQfa/chunk_aj
/mnt/c/Users/nateg/OneDrive/Documentos/GitHub/gamma-waves/notebooks/tmp_BoundaryandBindingProblems.txt_GMuQfa/chunk_ak
/mnt/c/Users/nateg/OneDrive/Documentos/GitHub/gamma-waves/notebooks/tmp_BoundaryandBindingProblems.txt_GMuQfa/chunk_al
/mnt/c/Users/nateg/OneDrive/Documentos/GitHub/gamma-waves/notebooks/tmp_BoundaryandBindingProblems.txt_GMuQfa/chunk_am
/mnt/c/Users/nateg/OneDrive/Documentos/GitHub/gamma-waves/notebooks/tmp_BoundaryandBindingProblems.txt_GMuQfa/chunk_an
/mnt/c/Users/nateg/OneDrive/Documentos/GitHub/gamma-waves/notebooks/tmp_BoundaryandBindingProblems.txt_GMuQfa/chunk_ao
/mnt/c/Users/nateg/OneDrive/Documentos/GitHub/gamma-waves/notebooks/tmp_BoundaryandBindingProblems.txt_GMuQfa/chunk_ap
/mnt/c/Users/nateg/OneDrive/Documentos/GitHub/gamma-waves/notebooks/tmp_BoundaryandBindingProblems.txt_GMuQfa/chunk_aq
/mnt/c/Users/nateg/OneDrive/Documentos/GitHub/gamma-waves/notebooks/tmp_BoundaryandBindingProblems.txt_GMuQfa/chunk_ar
/mnt/c/Users/nateg/OneDrive/Documentos/GitHub/gamma-waves/notebooks/tmp_BoundaryandBindingProblems.txt_GMuQfa/chunk_as
Temporary directory /mnt/c/Users/nateg/OneDrive/Documentos/GitHub/gamma-waves/notebooks/tmp_BoundaryandBindingProblems.txt_GMuQfa removed
Boundary and Binding Problems.txt
Processing FER vs RSVP Theory.txt
Temporary directory created: /mnt/c/Users/nateg/OneDrive/Documentos/GitHub/gamma-waves/notebooks/tmp_FERvsRSVPTheory.txt_OIGpKN
File split into chunks: /mnt/c/Users/nateg/OneDrive/Documentos/GitHub/gamma-waves/notebooks/tmp_FERvsRSVPTheory.txt_OIGpKN/chunk_aa
/mnt/c/Users/nateg/OneDrive/Documentos/GitHub/gamma-waves/notebooks/tmp_FERvsRSVPTheory.txt_OIGpKN/chunk_ab
/mnt/c/Users/nateg/OneDrive/Documentos/GitHub/gamma-waves/notebooks/tmp_FERvsRSVPTheory.txt_OIGpKN/chunk_ac
/mnt/c/Users/nateg/OneDrive/Documentos/GitHub/gamma-waves/notebooks/tmp_FERvsRSVPTheory.txt_OIGpKN/chunk_ad
/mnt/c/Users/nateg/OneDrive/Documentos/GitHub/gamma-waves/notebooks/tmp_FERvsRSVPTheory.txt_OIGpKN/chunk_ae
/mnt/c/Users/nateg/OneDrive/Documentos/GitHub/gamma-waves/notebooks/tmp_FERvsRSVPTheory.txt_OIGpKN/chunk_af
/mnt/c/Users/nateg/OneDrive/Documentos/GitHub/gamma-waves/notebooks/tmp_FERvsRSVPTheory.txt_OIGpKN/chunk_ag
/mnt/c/Users/nateg/OneDrive/Documentos/GitHub/gamma-waves/notebooks/tmp_FERvsRSVPTheory.txt_OIGpKN/chunk_ah
/mnt/c/Users/nateg/OneDrive/Documentos/GitHub/gamma-waves/notebooks/tmp_FERvsRSVPTheory.txt_OIGpKN/chunk_ai
/mnt/c/Users/nateg/OneDrive/Documentos/GitHub/gamma-waves/notebooks/tmp_FERvsRSVPTheory.txt_OIGpKN/chunk_aj
/mnt/c/Users/nateg/OneDrive/Documentos/GitHub/gamma-waves/notebooks/tmp_FERvsRSVPTheory.txt_OIGpKN/chunk_ak
/mnt/c/Users/nateg/OneDrive/Documentos/GitHub/gamma-waves/notebooks/tmp_FERvsRSVPTheory.txt_OIGpKN/chunk_al
/mnt/c/Users/nateg/OneDrive/Documentos/GitHub/gamma-waves/notebooks/tmp_FERvsRSVPTheory.txt_OIGpKN/chunk_am
/mnt/c/Users/nateg/OneDrive/Documentos/GitHub/gamma-waves/notebooks/tmp_FERvsRSVPTheory.txt_OIGpKN/chunk_an
