Script started at Sun Jul  6 16:12:52 ADT 2025
Summaries will be saved to curated-content.txt
Processing Autogeneration in Language Models.txt
Temporary directory created: /mnt/c/Users/nateg/OneDrive/Documentos/GitHub/gamma-waves/notebooks/tmp_AutogenerationinLanguageModels.txt_b9CqJq
File split into chunks: /mnt/c/Users/nateg/OneDrive/Documentos/GitHub/gamma-waves/notebooks/tmp_AutogenerationinLanguageModels.txt_b9CqJq/chunk_aa
Temporary directory /mnt/c/Users/nateg/OneDrive/Documentos/GitHub/gamma-waves/notebooks/tmp_AutogenerationinLanguageModels.txt_b9CqJq removed
Autogeneration in Language Models.txt
Processing Boundary and Binding Problems.txt
Temporary directory created: /mnt/c/Users/nateg/OneDrive/Documentos/GitHub/gamma-waves/notebooks/tmp_BoundaryandBindingProblems.txt_pgSHsC
File split into chunks: /mnt/c/Users/nateg/OneDrive/Documentos/GitHub/gamma-waves/notebooks/tmp_BoundaryandBindingProblems.txt_pgSHsC/chunk_aa
/mnt/c/Users/nateg/OneDrive/Documentos/GitHub/gamma-waves/notebooks/tmp_BoundaryandBindingProblems.txt_pgSHsC/chunk_ab
/mnt/c/Users/nateg/OneDrive/Documentos/GitHub/gamma-waves/notebooks/tmp_BoundaryandBindingProblems.txt_pgSHsC/chunk_ac
/mnt/c/Users/nateg/OneDrive/Documentos/GitHub/gamma-waves/notebooks/tmp_BoundaryandBindingProblems.txt_pgSHsC/chunk_ad
/mnt/c/Users/nateg/OneDrive/Documentos/GitHub/gamma-waves/notebooks/tmp_BoundaryandBindingProblems.txt_pgSHsC/chunk_ae
/mnt/c/Users/nateg/OneDrive/Documentos/GitHub/gamma-waves/notebooks/tmp_BoundaryandBindingProblems.txt_pgSHsC/chunk_af
/mnt/c/Users/nateg/OneDrive/Documentos/GitHub/gamma-waves/notebooks/tmp_BoundaryandBindingProblems.txt_pgSHsC/chunk_ag
/mnt/c/Users/nateg/OneDrive/Documentos/GitHub/gamma-waves/notebooks/tmp_BoundaryandBindingProblems.txt_pgSHsC/chunk_ah
/mnt/c/Users/nateg/OneDrive/Documentos/GitHub/gamma-waves/notebooks/tmp_BoundaryandBindingProblems.txt_pgSHsC/chunk_ai
/mnt/c/Users/nateg/OneDrive/Documentos/GitHub/gamma-waves/notebooks/tmp_BoundaryandBindingProblems.txt_pgSHsC/chunk_aj
/mnt/c/Users/nateg/OneDrive/Documentos/GitHub/gamma-waves/notebooks/tmp_BoundaryandBindingProblems.txt_pgSHsC/chunk_ak
Temporary directory /mnt/c/Users/nateg/OneDrive/Documentos/GitHub/gamma-waves/notebooks/tmp_BoundaryandBindingProblems.txt_pgSHsC removed
Boundary and Binding Problems.txt
Processing FER vs RSVP Theory.txt
Temporary directory created: /mnt/c/Users/nateg/OneDrive/Documentos/GitHub/gamma-waves/notebooks/tmp_FERvsRSVPTheory.txt_54K3Cv
File split into chunks: /mnt/c/Users/nateg/OneDrive/Documentos/GitHub/gamma-waves/notebooks/tmp_FERvsRSVPTheory.txt_54K3Cv/chunk_aa
/mnt/c/Users/nateg/OneDrive/Documentos/GitHub/gamma-waves/notebooks/tmp_FERvsRSVPTheory.txt_54K3Cv/chunk_ab
/mnt/c/Users/nateg/OneDrive/Documentos/GitHub/gamma-waves/notebooks/tmp_FERvsRSVPTheory.txt_54K3Cv/chunk_ac
/mnt/c/Users/nateg/OneDrive/Documentos/GitHub/gamma-waves/notebooks/tmp_FERvsRSVPTheory.txt_54K3Cv/chunk_ad
/mnt/c/Users/nateg/OneDrive/Documentos/GitHub/gamma-waves/notebooks/tmp_FERvsRSVPTheory.txt_54K3Cv/chunk_ae
/mnt/c/Users/nateg/OneDrive/Documentos/GitHub/gamma-waves/notebooks/tmp_FERvsRSVPTheory.txt_54K3Cv/chunk_af
/mnt/c/Users/nateg/OneDrive/Documentos/GitHub/gamma-waves/notebooks/tmp_FERvsRSVPTheory.txt_54K3Cv/chunk_ag
/mnt/c/Users/nateg/OneDrive/Documentos/GitHub/gamma-waves/notebooks/tmp_FERvsRSVPTheory.txt_54K3Cv/chunk_ah
Temporary directory /mnt/c/Users/nateg/OneDrive/Documentos/GitHub/gamma-waves/notebooks/tmp_FERvsRSVPTheory.txt_54K3Cv removed
FER vs RSVP Theory.txt
Processing Protopian Protocols.txt
Temporary directory created: /mnt/c/Users/nateg/OneDrive/Documentos/GitHub/gamma-waves/notebooks/tmp_ProtopianProtocols.txt_Kk2Veb
File split into chunks: /mnt/c/Users/nateg/OneDrive/Documentos/GitHub/gamma-waves/notebooks/tmp_ProtopianProtocols.txt_Kk2Veb/chunk_aa
/mnt/c/Users/nateg/OneDrive/Documentos/GitHub/gamma-waves/notebooks/tmp_ProtopianProtocols.txt_Kk2Veb/chunk_ab
/mnt/c/Users/nateg/OneDrive/Documentos/GitHub/gamma-waves/notebooks/tmp_ProtopianProtocols.txt_Kk2Veb/chunk_ac
/mnt/c/Users/nateg/OneDrive/Documentos/GitHub/gamma-waves/notebooks/tmp_ProtopianProtocols.txt_Kk2Veb/chunk_ad
/mnt/c/Users/nateg/OneDrive/Documentos/GitHub/gamma-waves/notebooks/tmp_ProtopianProtocols.txt_Kk2Veb/chunk_ae
/mnt/c/Users/nateg/OneDrive/Documentos/GitHub/gamma-waves/notebooks/tmp_ProtopianProtocols.txt_Kk2Veb/chunk_af
Temporary directory /mnt/c/Users/nateg/OneDrive/Documentos/GitHub/gamma-waves/notebooks/tmp_ProtopianProtocols.txt_Kk2Veb removed
Protopian Protocols.txt
Processing Soundness in Modal Logic.txt
Temporary directory created: /mnt/c/Users/nateg/OneDrive/Documentos/GitHub/gamma-waves/notebooks/tmp_SoundnessinModalLogic.txt_zigRYk
File split into chunks: /mnt/c/Users/nateg/OneDrive/Documentos/GitHub/gamma-waves/notebooks/tmp_SoundnessinModalLogic.txt_zigRYk/chunk_aa
/mnt/c/Users/nateg/OneDrive/Documentos/GitHub/gamma-waves/notebooks/tmp_SoundnessinModalLogic.txt_zigRYk/chunk_ab
/mnt/c/Users/nateg/OneDrive/Documentos/GitHub/gamma-waves/notebooks/tmp_SoundnessinModalLogic.txt_zigRYk/chunk_ac
/mnt/c/Users/nateg/OneDrive/Documentos/GitHub/gamma-waves/notebooks/tmp_SoundnessinModalLogic.txt_zigRYk/chunk_ad
/mnt/c/Users/nateg/OneDrive/Documentos/GitHub/gamma-waves/notebooks/tmp_SoundnessinModalLogic.txt_zigRYk/chunk_ae
/mnt/c/Users/nateg/OneDrive/Documentos/GitHub/gamma-waves/notebooks/tmp_SoundnessinModalLogic.txt_zigRYk/chunk_af
/mnt/c/Users/nateg/OneDrive/Documentos/GitHub/gamma-waves/notebooks/tmp_SoundnessinModalLogic.txt_zigRYk/chunk_ag
/mnt/c/Users/nateg/OneDrive/Documentos/GitHub/gamma-waves/notebooks/tmp_SoundnessinModalLogic.txt_zigRYk/chunk_ah
/mnt/c/Users/nateg/OneDrive/Documentos/GitHub/gamma-waves/notebooks/tmp_SoundnessinModalLogic.txt_zigRYk/chunk_ai
/mnt/c/Users/nateg/OneDrive/Documentos/GitHub/gamma-waves/notebooks/tmp_SoundnessinModalLogic.txt_zigRYk/chunk_aj
/mnt/c/Users/nateg/OneDrive/Documentos/GitHub/gamma-waves/notebooks/tmp_SoundnessinModalLogic.txt_zigRYk/chunk_ak
/mnt/c/Users/nateg/OneDrive/Documentos/GitHub/gamma-waves/notebooks/tmp_SoundnessinModalLogic.txt_zigRYk/chunk_al
/mnt/c/Users/nateg/OneDrive/Documentos/GitHub/gamma-waves/notebooks/tmp_SoundnessinModalLogic.txt_zigRYk/chunk_am
/mnt/c/Users/nateg/OneDrive/Documentos/GitHub/gamma-waves/notebooks/tmp_SoundnessinModalLogic.txt_zigRYk/chunk_an
/mnt/c/Users/nateg/OneDrive/Documentos/GitHub/gamma-waves/notebooks/tmp_SoundnessinModalLogic.txt_zigRYk/chunk_ao
/mnt/c/Users/nateg/OneDrive/Documentos/GitHub/gamma-waves/notebooks/tmp_SoundnessinModalLogic.txt_zigRYk/chunk_ap
/mnt/c/Users/nateg/OneDrive/Documentos/GitHub/gamma-waves/notebooks/tmp_SoundnessinModalLogic.txt_zigRYk/chunk_aq
/mnt/c/Users/nateg/OneDrive/Documentos/GitHub/gamma-waves/notebooks/tmp_SoundnessinModalLogic.txt_zigRYk/chunk_ar
/mnt/c/Users/nateg/OneDrive/Documentos/GitHub/gamma-waves/notebooks/tmp_SoundnessinModalLogic.txt_zigRYk/chunk_as
/mnt/c/Users/nateg/OneDrive/Documentos/GitHub/gamma-waves/notebooks/tmp_SoundnessinModalLogic.txt_zigRYk/chunk_at
/mnt/c/Users/nateg/OneDrive/Documentos/GitHub/gamma-waves/notebooks/tmp_SoundnessinModalLogic.txt_zigRYk/chunk_au
