\BOOKMARK [1][-]{section.1}{\376\377\000I\000n\000t\000r\000o\000d\000u\000c\000t\000i\000o\000n}{}% 1
\BOOKMARK [1][-]{section.2}{\376\377\000H\000i\000s\000t\000o\000r\000i\000c\000a\000l\000\040\000R\000o\000o\000t\000s\000\040\000o\000f\000\040\000t\000h\000e\000\040\000F\000o\000u\000n\000d\000e\000r\000-\000S\000u\000r\000v\000i\000v\000a\000l\000\040\000P\000a\000r\000a\000d\000i\000g\000m}{}% 2
\BOOKMARK [2][-]{subsection.2.1}{\376\377\000C\000l\000a\000s\000s\000i\000c\000a\000l\000\040\000O\000r\000i\000g\000i\000n\000s\000:\000\040\000P\000l\000i\000n\000y\000\040\000a\000n\000d\000\040\000t\000h\000e\000\040\000S\000e\000l\000f\000-\000S\000u\000f\000f\000i\000c\000i\000e\000n\000t\000\040\000H\000o\000u\000s\000e\000h\000o\000l\000d}{section.2}% 3
\BOOKMARK [2][-]{subsection.2.2}{\376\377\000C\000o\000l\000o\000n\000i\000a\000l\000\040\000E\000x\000t\000r\000a\000c\000t\000i\000o\000n\000\040\000a\000n\000d\000\040\000L\000a\000n\000d\000\040\000P\000r\000i\000v\000a\000t\000i\000z\000a\000t\000i\000o\000n}{section.2}% 4
\BOOKMARK [2][-]{subsection.2.3}{\376\377\000P\000a\000t\000r\000i\000a\000r\000c\000h\000a\000l\000\040\000H\000o\000u\000s\000e\000h\000o\000l\000d\000\040\000S\000t\000r\000u\000c\000t\000u\000r\000e\000s}{section.2}% 5
\BOOKMARK [2][-]{subsection.2.4}{\376\377\000G\000u\000i\000l\000d\000-\000E\000r\000a\000\040\000C\000o\000h\000e\000r\000e\000n\000c\000e\000\040\000v\000e\000r\000s\000u\000s\000\040\000E\000m\000e\000r\000g\000i\000n\000g\000\040\000A\000t\000o\000m\000i\000z\000a\000t\000i\000o\000n}{section.2}% 6
\BOOKMARK [1][-]{section.3}{\376\377\000M\000o\000d\000e\000r\000n\000\040\000M\000a\000n\000i\000f\000e\000s\000t\000a\000t\000i\000o\000n\000:\000\040\000T\000h\000e\000\040\000F\000o\000u\000n\000d\000e\000r\000-\000I\000n\000d\000i\000v\000i\000d\000u\000a\000l}{}% 7
\BOOKMARK [2][-]{subsection.3.1}{\376\377\000S\000t\000a\000r\000t\000u\000p\000\040\000L\000o\000g\000i\000c\000\040\000o\000f\000\040\000S\000u\000r\000v\000i\000v\000a\000l}{section.3}% 8
\BOOKMARK [2][-]{subsection.3.2}{\376\377\000C\000o\000l\000l\000a\000p\000s\000e\000\040\000o\000f\000\040\000C\000o\000m\000m\000u\000n\000a\000l\000\040\000S\000a\000f\000e\000t\000y\000\040\000N\000e\000t\000s}{section.3}% 9
\BOOKMARK [2][-]{subsection.3.3}{\376\377\000R\000S\000V\000P\000\040\000F\000i\000e\000l\000d\000-\000T\000h\000e\000o\000r\000e\000t\000i\000c\000\040\000D\000i\000a\000g\000n\000o\000s\000i\000s}{section.3}% 10
\BOOKMARK [1][-]{section.4}{\376\377\000R\000a\000d\000i\000c\000a\000l\000\040\000R\000S\000V\000P\000\040\000I\000n\000t\000e\000r\000v\000e\000n\000t\000i\000o\000n\000s\000:\000\040\000D\000u\000a\000l\000-\000L\000a\000y\000e\000r\000\040\000A\000n\000a\000l\000y\000s\000i\000s}{}% 11
\BOOKMARK [2][-]{subsection.4.1}{\376\377\000A\000n\000o\000n\000y\000m\000o\000u\000s\000\040\000M\000e\000d\000i\000a\000\040\000a\000n\000d\000\040\000F\000l\000a\000t\000t\000e\000n\000i\000n\000g\000\040\000P\000r\000e\000s\000t\000i\000g\000e}{section.4}% 12
\BOOKMARK [3][-]{subsubsection.4.1.1}{\376\377\000P\000r\000a\000c\000t\000i\000c\000a\000l\000/\000P\000o\000l\000i\000c\000y\000\040\000L\000a\000y\000e\000r}{subsection.4.1}% 13
\BOOKMARK [3][-]{subsubsection.4.1.2}{\376\377\000R\000S\000V\000P\000\040\000/\000\040\000F\000i\000e\000l\000d\000-\000T\000h\000e\000o\000r\000e\000t\000i\000c\000\040\000L\000a\000y\000e\000r}{subsection.4.1}% 14
\BOOKMARK [2][-]{subsection.4.2}{\376\377\000G\000e\000o\000z\000o\000t\000i\000c\000\040\000F\000a\000m\000i\000l\000i\000e\000s\000\040\000/\000\040\000C\000o\000l\000l\000e\000c\000t\000i\000v\000e\000\040\000H\000o\000u\000s\000e\000h\000o\000l\000d\000s}{section.4}% 15
\BOOKMARK [3][-]{subsubsection.4.2.1}{\376\377\000P\000r\000a\000c\000t\000i\000c\000a\000l\000/\000P\000o\000l\000i\000c\000y\000\040\000L\000a\000y\000e\000r}{subsection.4.2}% 16
\BOOKMARK [3][-]{subsubsection.4.2.2}{\376\377\000R\000S\000V\000P\000\040\000/\000\040\000F\000i\000e\000l\000d\000-\000T\000h\000e\000o\000r\000e\000t\000i\000c\000\040\000L\000a\000y\000e\000r}{subsection.4.2}% 17
\BOOKMARK [2][-]{subsection.4.3}{\376\377\000C\000o\000m\000m\000u\000n\000i\000t\000y\000\040\000L\000o\000t\000t\000e\000r\000i\000e\000s\000\040\000I\000n\000s\000t\000e\000a\000d\000\040\000o\000f\000\040\000P\000e\000r\000s\000o\000n\000a\000l\000\040\000G\000a\000m\000b\000l\000i\000n\000g}{section.4}% 18
\BOOKMARK [3][-]{subsubsection.4.3.1}{\376\377\000P\000r\000a\000c\000t\000i\000c\000a\000l\000/\000P\000o\000l\000i\000c\000y\000\040\000L\000a\000y\000e\000r}{subsection.4.3}% 19
\BOOKMARK [3][-]{subsubsection.4.3.2}{\376\377\000R\000S\000V\000P\000\040\000/\000\040\000F\000i\000e\000l\000d\000-\000T\000h\000e\000o\000r\000e\000t\000i\000c\000\040\000L\000a\000y\000e\000r}{subsection.4.3}% 20
\BOOKMARK [2][-]{subsection.4.4}{\376\377\000P\000r\000o\000g\000r\000e\000s\000s\000i\000v\000e\000\040\000T\000a\000x\000a\000t\000i\000o\000n\000\040\000a\000n\000d\000\040\000A\000n\000t\000i\000-\000G\000a\000m\000b\000l\000i\000n\000g\000\040\000P\000o\000l\000i\000c\000i\000e\000s}{section.4}% 21
\BOOKMARK [3][-]{subsubsection.4.4.1}{\376\377\000P\000r\000a\000c\000t\000i\000c\000a\000l\000/\000P\000o\000l\000i\000c\000y\000\040\000L\000a\000y\000e\000r}{subsection.4.4}% 22
\BOOKMARK [3][-]{subsubsection.4.4.2}{\376\377\000R\000S\000V\000P\000\040\000/\000\040\000F\000i\000e\000l\000d\000-\000T\000h\000e\000o\000r\000e\000t\000i\000c\000\040\000L\000a\000y\000e\000r}{subsection.4.4}% 23
\BOOKMARK [1][-]{section.5}{\376\377\000F\000u\000t\000a\000r\000c\000h\000y\000-\000I\000n\000s\000p\000i\000r\000e\000d\000\040\000G\000o\000v\000e\000r\000n\000a\000n\000c\000e\000\040\000i\000n\000\040\000R\000S\000V\000P\000\040\000F\000i\000e\000l\000d\000s}{}% 24
\BOOKMARK [2][-]{subsection.5.1}{\376\377\000C\000o\000r\000e\000\040\000I\000n\000s\000i\000g\000h\000t\000\040\000f\000r\000o\000m\000\040\000F\000u\000t\000a\000r\000c\000h\000y}{section.5}% 25
\BOOKMARK [2][-]{subsection.5.2}{\376\377\000L\000i\000m\000i\000t\000s\000\040\000o\000f\000\040\000M\000a\000r\000k\000e\000t\000-\000B\000a\000s\000e\000d\000\040\000F\000u\000t\000a\000r\000c\000h\000y\000\040\000a\000n\000d\000\040\000D\000e\000m\000o\000c\000r\000a\000t\000i\000z\000e\000d\000\040\000A\000l\000t\000e\000r\000n\000a\000t\000i\000v\000e\000s}{section.5}% 26
\BOOKMARK [2][-]{subsection.5.3}{\376\377\000A\000d\000v\000a\000n\000t\000a\000g\000e\000s\000\040\000a\000n\000d\000\040\000I\000n\000t\000e\000g\000r\000a\000t\000i\000o\000n\000\040\000w\000i\000t\000h\000\040\000I\000n\000t\000e\000r\000v\000e\000n\000t\000i\000o\000n\000s}{section.5}% 27
\BOOKMARK [1][-]{section.6}{\376\377\000C\000o\000n\000c\000e\000p\000t\000u\000a\000l\000\040\000S\000y\000n\000t\000h\000e\000s\000i\000s}{}% 28
\BOOKMARK [1][-]{section.7}{\376\377\000F\000i\000e\000l\000d\000-\000T\000h\000e\000o\000r\000e\000t\000i\000c\000\040\000S\000u\000m\000m\000a\000r\000y}{}% 29
\BOOKMARK [1][-]{section.8}{\376\377\000C\000o\000n\000c\000l\000u\000s\000i\000o\000n\000:\000\040\000T\000o\000w\000a\000r\000d\000\040\000a\000\040\000F\000i\000e\000l\000d\000-\000T\000h\000e\000o\000r\000e\000t\000i\000c\000\040\000S\000o\000c\000i\000e\000t\000y}{}% 30
\BOOKMARK [1][-]{appendix.A}{\376\377\000A\000\040\000F\000i\000e\000l\000d\000-\000T\000h\000e\000o\000r\000e\000t\000i\000c\000\040\000F\000o\000r\000m\000a\000l\000i\000s\000m\000\040\000f\000o\000r\000\040\000D\000i\000s\000t\000r\000i\000b\000u\000t\000e\000d\000\040\000S\000o\000c\000i\000a\000l\000\040\000A\000g\000e\000n\000c\000y}{}% 31
\BOOKMARK [2][-]{subsection.A.1}{\376\377\000F\000i\000e\000l\000d\000\040\000D\000e\000f\000i\000n\000i\000t\000i\000o\000n\000s\000\040\000a\000n\000d\000\040\000A\000x\000i\000o\000m\000s}{appendix.A}% 32
\BOOKMARK [2][-]{subsection.A.2}{\376\377\000T\000h\000e\000\040\000"\000F\000o\000u\000n\000d\000e\000r\000-\000a\000s\000-\000S\000u\000r\000v\000i\000v\000o\000r\000"\000\040\000P\000r\000o\000b\000l\000e\000m\000:\000\040\000S\000i\000n\000g\000u\000l\000a\000r\000i\000t\000y\000\040\000F\000o\000r\000m\000a\000t\000i\000o\000n}{appendix.A}% 33
\BOOKMARK [2][-]{subsection.A.3}{\376\377\000G\000e\000o\000z\000o\000t\000i\000c\000\040\000F\000a\000m\000i\000l\000i\000e\000s\000\040\000a\000s\000\040\000D\000i\000s\000t\000r\000i\000b\000u\000t\000e\000d\000\040\000M\000i\000n\000i\000m\000a}{appendix.A}% 34
\BOOKMARK [2][-]{subsection.A.4}{\376\377\000I\000n\000t\000e\000r\000v\000e\000n\000t\000i\000o\000n\000\040\000O\000p\000e\000r\000a\000t\000o\000r\000s}{appendix.A}% 35
\BOOKMARK [2][-]{subsection.A.5}{\376\377\000F\000u\000t\000a\000r\000c\000h\000i\000c\000\040\000P\000o\000l\000i\000c\000y\000\040\000S\000e\000l\000e\000c\000t\000i\000o\000n\000\040\000M\000e\000c\000h\000a\000n\000i\000s\000m}{appendix.A}% 36
\BOOKMARK [2][-]{subsection.A.6}{\376\377\000S\000t\000e\000a\000d\000y\000-\000S\000t\000a\000t\000e\000\040\000G\000o\000a\000l\000:\000\040\000T\000h\000e\000\040\000S\000m\000o\000o\000t\000h\000e\000d\000\040\000F\000i\000e\000l\000d}{appendix.A}% 37
