\BOOKMARK [0][-]{section*.1}{\376\377\000C\000o\000n\000t\000e\000n\000t\000s}{}% 1
\BOOKMARK [0][-]{section*.2}{\376\377\000L\000i\000s\000t\000\040\000o\000f\000\040\000F\000i\000g\000u\000r\000e\000s}{}% 2
\BOOKMARK [-1][-]{part.1}{\376\377\000C\000o\000g\000n\000i\000t\000i\000v\000e\000\040\000S\000y\000s\000t\000e\000m\000s\000\040\000\046\000\040\000A\000I\000\040\000A\000r\000c\000h\000i\000t\000e\000c\000t\000u\000r\000e}{}% 3
\BOOKMARK [0][-]{chapter.1}{\376\377\000S\000I\000T\000H\000\040\000T\000h\000e\000o\000r\000y\000\040\000\050\000S\000e\000m\000a\000n\000t\000i\000c\000\040\000I\000n\000f\000r\000a\000s\000t\000r\000u\000c\000t\000u\000r\000e\000\040\000T\000h\000e\000o\000r\000y\000\051}{part.1}% 4
\BOOKMARK [1][-]{section.1.1}{\376\377\000S\000u\000m\000m\000a\000r\000y}{chapter.1}% 5
\BOOKMARK [1][-]{section.1.2}{\376\377\000A\000b\000s\000t\000r\000a\000c\000t}{chapter.1}% 6
\BOOKMARK [1][-]{section.1.3}{\376\377\000D\000e\000p\000e\000n\000d\000e\000n\000c\000i\000e\000s}{chapter.1}% 7
\BOOKMARK [1][-]{section.1.4}{\376\377\000K\000e\000y\000\040\000F\000o\000r\000m\000a\000l\000i\000s\000m\000s}{chapter.1}% 8
\BOOKMARK [1][-]{section.1.5}{\376\377\000A\000l\000g\000o\000r\000i\000t\000h\000m\000i\000c\000\040\000I\000m\000p\000l\000e\000m\000e\000n\000t\000a\000t\000i\000o\000n}{chapter.1}% 9
\BOOKMARK [1][-]{section.1.6}{\376\377\000M\000a\000t\000h\000e\000m\000a\000t\000i\000c\000a\000l\000\040\000A\000p\000p\000e\000n\000d\000i\000x}{chapter.1}% 10
\BOOKMARK [1][-]{section.1.7}{\376\377\000I\000n\000t\000e\000g\000r\000a\000t\000i\000o\000n\000\040\000N\000o\000t\000e\000s}{chapter.1}% 11
\BOOKMARK [1][-]{section.1.8}{\376\377\000R\000e\000f\000e\000r\000e\000n\000c\000e\000s\000\040\000t\000o\000\040\000C\000r\000o\000s\000s\000-\000P\000r\000o\000j\000e\000c\000t\000\040\000A\000p\000p\000e\000n\000d\000i\000c\000e\000s}{chapter.1}% 12
\BOOKMARK [0][-]{chapter.2}{\376\377\000I\000n\000f\000o\000r\000g\000a\000n\000i\000c\000\040\000C\000o\000d\000e\000x}{part.1}% 13
\BOOKMARK [1][-]{section.2.1}{\376\377\000S\000u\000m\000m\000a\000r\000y}{chapter.2}% 14
\BOOKMARK [1][-]{section.2.2}{\376\377\000A\000b\000s\000t\000r\000a\000c\000t}{chapter.2}% 15
\BOOKMARK [1][-]{section.2.3}{\376\377\000D\000e\000p\000e\000n\000d\000e\000n\000c\000i\000e\000s}{chapter.2}% 16
\BOOKMARK [1][-]{section.2.4}{\376\377\000K\000e\000y\000\040\000F\000o\000r\000m\000a\000l\000i\000s\000m\000s}{chapter.2}% 17
\BOOKMARK [1][-]{section.2.5}{\376\377\000M\000a\000t\000h\000e\000m\000a\000t\000i\000c\000a\000l\000\040\000A\000p\000p\000e\000n\000d\000i\000x}{chapter.2}% 18
\BOOKMARK [1][-]{section.2.6}{\376\377\000I\000n\000t\000e\000g\000r\000a\000t\000i\000o\000n\000\040\000N\000o\000t\000e\000s}{chapter.2}% 19
\BOOKMARK [0][-]{chapter.3}{\376\377\000Z\000e\000t\000t\000e\000l\000k\000a\000s\000t\000e\000n\000\040\000A\000c\000a\000d\000e\000m\000i\000z\000e\000r}{part.1}% 20
\BOOKMARK [1][-]{section.3.1}{\376\377\000S\000u\000m\000m\000a\000r\000y}{chapter.3}% 21
\BOOKMARK [1][-]{section.3.2}{\376\377\000A\000b\000s\000t\000r\000a\000c\000t}{chapter.3}% 22
\BOOKMARK [1][-]{section.3.3}{\376\377\000D\000e\000p\000e\000n\000d\000e\000n\000c\000i\000e\000s}{chapter.3}% 23
\BOOKMARK [1][-]{section.3.4}{\376\377\000I\000n\000t\000e\000g\000r\000a\000t\000i\000o\000n\000\040\000N\000o\000t\000e\000s}{chapter.3}% 24
\BOOKMARK [0][-]{chapter.4}{\376\377\000K\000i\000t\000b\000a\000s\000h\000\040\000R\000e\000p\000o\000s\000i\000t\000o\000r\000y}{part.1}% 25
\BOOKMARK [1][-]{section.4.1}{\376\377\000S\000u\000m\000m\000a\000r\000y}{chapter.4}% 26
\BOOKMARK [1][-]{section.4.2}{\376\377\000A\000b\000s\000t\000r\000a\000c\000t}{chapter.4}% 27
\BOOKMARK [1][-]{section.4.3}{\376\377\000D\000e\000p\000e\000n\000d\000e\000n\000c\000i\000e\000s}{chapter.4}% 28
\BOOKMARK [1][-]{section.4.4}{\376\377\000I\000n\000t\000e\000g\000r\000a\000t\000i\000o\000n\000\040\000N\000o\000t\000e\000s}{chapter.4}% 29
\BOOKMARK [0][-]{chapter.5}{\376\377\000R\000S\000V\000P\000\040\000E\000x\000t\000e\000n\000s\000i\000o\000n\000s}{part.1}% 30
\BOOKMARK [1][-]{section.5.1}{\376\377\000S\000u\000m\000m\000a\000r\000y}{chapter.5}% 31
\BOOKMARK [1][-]{section.5.2}{\376\377\000A\000b\000s\000t\000r\000a\000c\000t}{chapter.5}% 32
\BOOKMARK [1][-]{section.5.3}{\376\377\000D\000e\000p\000e\000n\000d\000e\000n\000c\000i\000e\000s}{chapter.5}% 33
\BOOKMARK [1][-]{section.5.4}{\376\377\000I\000n\000t\000e\000g\000r\000a\000t\000i\000o\000n\000\040\000N\000o\000t\000e\000s}{chapter.5}% 34
\BOOKMARK [0][-]{chapter.6}{\376\377\000R\000S\000V\000P\000\040\000F\000i\000e\000l\000d\000\040\000S\000i\000m\000u\000l\000a\000t\000o\000r}{part.1}% 35
\BOOKMARK [1][-]{section.6.1}{\376\377\000S\000u\000m\000m\000a\000r\000y}{chapter.6}% 36
\BOOKMARK [1][-]{section.6.2}{\376\377\000A\000b\000s\000t\000r\000a\000c\000t}{chapter.6}% 37
\BOOKMARK [1][-]{section.6.3}{\376\377\000D\000e\000p\000e\000n\000d\000e\000n\000c\000i\000e\000s}{chapter.6}% 38
\BOOKMARK [1][-]{section.6.4}{\376\377\000I\000n\000t\000e\000g\000r\000a\000t\000i\000o\000n\000\040\000N\000o\000t\000e\000s}{chapter.6}% 39
\BOOKMARK [0][-]{chapter.7}{\376\377\000C\000y\000m\000a\000t\000i\000c\000\040\000Y\000o\000g\000u\000r\000t\000\040\000C\000o\000m\000p\000u\000t\000e\000r}{part.1}% 40
\BOOKMARK [1][-]{section.7.1}{\376\377\000S\000u\000m\000m\000a\000r\000y}{chapter.7}% 41
\BOOKMARK [1][-]{section.7.2}{\376\377\000A\000b\000s\000t\000r\000a\000c\000t}{chapter.7}% 42
\BOOKMARK [1][-]{section.7.3}{\376\377\000D\000e\000p\000e\000n\000d\000e\000n\000c\000i\000e\000s}{chapter.7}% 43
\BOOKMARK [1][-]{section.7.4}{\376\377\000I\000n\000t\000e\000g\000r\000a\000t\000i\000o\000n\000\040\000N\000o\000t\000e\000s}{chapter.7}% 44
\BOOKMARK [-1][-]{part.2}{\376\377\000S\000p\000e\000c\000u\000l\000a\000t\000i\000v\000e\000\040\000P\000h\000y\000s\000i\000c\000s\000\040\000\046\000\040\000C\000o\000s\000m\000o\000l\000o\000g\000y}{}% 45
\BOOKMARK [0][-]{chapter.8}{\376\377\000R\000S\000V\000P\000\040\000F\000i\000e\000l\000d\000\040\000T\000h\000e\000o\000r\000y}{part.2}% 46
\BOOKMARK [1][-]{section.8.1}{\376\377\000S\000u\000m\000m\000a\000r\000y}{chapter.8}% 47
\BOOKMARK [1][-]{section.8.2}{\376\377\000A\000b\000s\000t\000r\000a\000c\000t}{chapter.8}% 48
\BOOKMARK [1][-]{section.8.3}{\376\377\000D\000e\000p\000e\000n\000d\000e\000n\000c\000i\000e\000s}{chapter.8}% 49
\BOOKMARK [1][-]{section.8.4}{\376\377\000K\000e\000y\000\040\000F\000o\000r\000m\000a\000l\000i\000s\000m\000s}{chapter.8}% 50
\BOOKMARK [1][-]{section.8.5}{\376\377\000M\000a\000t\000h\000e\000m\000a\000t\000i\000c\000a\000l\000\040\000A\000p\000p\000e\000n\000d\000i\000x}{chapter.8}% 51
\BOOKMARK [1][-]{section.8.6}{\376\377\000I\000n\000t\000e\000g\000r\000a\000t\000i\000o\000n\000\040\000N\000o\000t\000e\000s}{chapter.8}% 52
\BOOKMARK [0][-]{chapter.9}{\376\377\000R\000S\000V\000P\000\040\000A\000K\000S\000Z\000/\000B\000V\000\040\000F\000o\000r\000m\000a\000l\000i\000s\000m}{part.2}% 53
\BOOKMARK [1][-]{section.9.1}{\376\377\000S\000u\000m\000m\000a\000r\000y}{chapter.9}% 54
\BOOKMARK [1][-]{section.9.2}{\376\377\000A\000b\000s\000t\000r\000a\000c\000t}{chapter.9}% 55
\BOOKMARK [1][-]{section.9.3}{\376\377\000D\000e\000p\000e\000n\000d\000e\000n\000c\000i\000e\000s}{chapter.9}% 56
\BOOKMARK [1][-]{section.9.4}{\376\377\000K\000e\000y\000\040\000F\000o\000r\000m\000a\000l\000i\000s\000m\000s}{chapter.9}% 57
\BOOKMARK [1][-]{section.9.5}{\376\377\000M\000a\000t\000h\000e\000m\000a\000t\000i\000c\000a\000l\000\040\000A\000p\000p\000e\000n\000d\000i\000x}{chapter.9}% 58
\BOOKMARK [1][-]{section.9.6}{\376\377\000I\000n\000t\000e\000g\000r\000a\000t\000i\000o\000n\000\040\000N\000o\000t\000e\000s}{chapter.9}% 59
\BOOKMARK [0][-]{chapter.10}{\376\377\000R\000S\000V\000P\000\040\000C\000o\000s\000m\000o\000l\000o\000g\000y}{part.2}% 60
\BOOKMARK [1][-]{section.10.1}{\376\377\000S\000u\000m\000m\000a\000r\000y}{chapter.10}% 61
\BOOKMARK [1][-]{section.10.2}{\376\377\000A\000b\000s\000t\000r\000a\000c\000t}{chapter.10}% 62
\BOOKMARK [1][-]{section.10.3}{\376\377\000D\000e\000p\000e\000n\000d\000e\000n\000c\000i\000e\000s}{chapter.10}% 63
\BOOKMARK [1][-]{section.10.4}{\376\377\000K\000e\000y\000\040\000F\000o\000r\000m\000a\000l\000i\000s\000m\000s}{chapter.10}% 64
\BOOKMARK [1][-]{section.10.5}{\376\377\000M\000a\000t\000h\000e\000m\000a\000t\000i\000c\000a\000l\000\040\000A\000p\000p\000e\000n\000d\000i\000x}{chapter.10}% 65
\BOOKMARK [1][-]{section.10.6}{\376\377\000I\000n\000t\000e\000g\000r\000a\000t\000i\000o\000n\000\040\000N\000o\000t\000e\000s}{chapter.10}% 66
\BOOKMARK [0][-]{chapter.11}{\376\377\000C\000r\000y\000s\000t\000a\000l\000\040\000P\000l\000e\000n\000u\000m\000\040\000T\000h\000e\000o\000r\000y}{part.2}% 67
\BOOKMARK [1][-]{section.11.1}{\376\377\000S\000u\000m\000m\000a\000r\000y}{chapter.11}% 68
\BOOKMARK [1][-]{section.11.2}{\376\377\000A\000b\000s\000t\000r\000a\000c\000t}{chapter.11}% 69
\BOOKMARK [1][-]{section.11.3}{\376\377\000D\000e\000p\000e\000n\000d\000e\000n\000c\000i\000e\000s}{chapter.11}% 70
\BOOKMARK [1][-]{section.11.4}{\376\377\000K\000e\000y\000\040\000F\000o\000r\000m\000a\000l\000i\000s\000m\000s}{chapter.11}% 71
\BOOKMARK [1][-]{section.11.5}{\376\377\000M\000a\000t\000h\000e\000m\000a\000t\000i\000c\000a\000l\000\040\000A\000p\000p\000e\000n\000d\000i\000x}{chapter.11}% 72
\BOOKMARK [1][-]{section.11.6}{\376\377\000I\000n\000t\000e\000g\000r\000a\000t\000i\000o\000n\000\040\000N\000o\000t\000e\000s}{chapter.11}% 73
\BOOKMARK [0][-]{chapter.12}{\376\377\000L\000a\000m\000p\000h\000r\000o\000n\000\040\000\046\000\040\000L\000a\000m\000p\000h\000r\000o\000d\000y\000n\000e\000\040\000S\000t\000a\000t\000e\000s}{part.2}% 74
\BOOKMARK [1][-]{section.12.1}{\376\377\000S\000u\000m\000m\000a\000r\000y}{chapter.12}% 75
\BOOKMARK [1][-]{section.12.2}{\376\377\000A\000b\000s\000t\000r\000a\000c\000t}{chapter.12}% 76
\BOOKMARK [1][-]{section.12.3}{\376\377\000D\000e\000p\000e\000n\000d\000e\000n\000c\000i\000e\000s}{chapter.12}% 77
\BOOKMARK [1][-]{section.12.4}{\376\377\000K\000e\000y\000\040\000F\000o\000r\000m\000a\000l\000i\000s\000m\000s}{chapter.12}% 78
\BOOKMARK [1][-]{section.12.5}{\376\377\000M\000a\000t\000h\000e\000m\000a\000t\000i\000c\000a\000l\000\040\000A\000p\000p\000e\000n\000d\000i\000x}{chapter.12}% 79
\BOOKMARK [1][-]{section.12.6}{\376\377\000I\000n\000t\000e\000g\000r\000a\000t\000i\000o\000n\000\040\000N\000o\000t\000e\000s}{chapter.12}% 80
\BOOKMARK [0][-]{chapter.13}{\376\377\000R\000S\000V\000P\000-\000T\000A\000R\000T\000A\000N\000\040\000F\000r\000a\000m\000e\000w\000o\000r\000k}{part.2}% 81
\BOOKMARK [1][-]{section.13.1}{\376\377\000S\000u\000m\000m\000a\000r\000y}{chapter.13}% 82
\BOOKMARK [1][-]{section.13.2}{\376\377\000A\000b\000s\000t\000r\000a\000c\000t}{chapter.13}% 83
\BOOKMARK [1][-]{section.13.3}{\376\377\000D\000e\000p\000e\000n\000d\000e\000n\000c\000i\000e\000s}{chapter.13}% 84
\BOOKMARK [1][-]{section.13.4}{\376\377\000I\000n\000t\000e\000g\000r\000a\000t\000i\000o\000n\000\040\000N\000o\000t\000e\000s}{chapter.13}% 85
\BOOKMARK [-1][-]{part.3}{\376\377\000H\000a\000r\000d\000w\000a\000r\000e\000\040\000P\000r\000o\000t\000o\000t\000y\000p\000e\000s\000\040\000\046\000\040\000D\000e\000s\000i\000g\000n\000s}{}% 86
\BOOKMARK [0][-]{chapter.14}{\376\377\000W\000o\000m\000b\000\040\000B\000o\000d\000y\000\040\000B\000i\000o\000f\000o\000r\000g\000e}{part.3}% 87
\BOOKMARK [1][-]{section.14.1}{\376\377\000S\000u\000m\000m\000a\000r\000y}{chapter.14}% 88
\BOOKMARK [1][-]{section.14.2}{\376\377\000A\000b\000s\000t\000r\000a\000c\000t}{chapter.14}% 89
\BOOKMARK [1][-]{section.14.3}{\376\377\000D\000e\000p\000e\000n\000d\000e\000n\000c\000i\000e\000s}{chapter.14}% 90
\BOOKMARK [1][-]{section.14.4}{\376\377\000K\000e\000y\000\040\000F\000o\000r\000m\000a\000l\000i\000s\000m\000s}{chapter.14}% 91
\BOOKMARK [1][-]{section.14.5}{\376\377\000M\000a\000t\000h\000e\000m\000a\000t\000i\000c\000a\000l\000\040\000A\000p\000p\000e\000n\000d\000i\000x}{chapter.14}% 92
\BOOKMARK [1][-]{section.14.6}{\376\377\000I\000n\000t\000e\000g\000r\000a\000t\000i\000o\000n\000\040\000N\000o\000t\000e\000s}{chapter.14}% 93
\BOOKMARK [0][-]{chapter.15}{\376\377\000F\000r\000a\000c\000t\000a\000l\000\040\000B\000r\000a\000i\000n\000\040\000K\000e\000e\000l}{part.3}% 94
\BOOKMARK [1][-]{section.15.1}{\376\377\000S\000u\000m\000m\000a\000r\000y}{chapter.15}% 95
\BOOKMARK [1][-]{section.15.2}{\376\377\000A\000b\000s\000t\000r\000a\000c\000t}{chapter.15}% 96
\BOOKMARK [1][-]{section.15.3}{\376\377\000D\000e\000p\000e\000n\000d\000e\000n\000c\000i\000e\000s}{chapter.15}% 97
\BOOKMARK [1][-]{section.15.4}{\376\377\000K\000e\000y\000\040\000F\000o\000r\000m\000a\000l\000i\000s\000m\000s}{chapter.15}% 98
\BOOKMARK [1][-]{section.15.5}{\376\377\000M\000a\000t\000h\000e\000m\000a\000t\000i\000c\000a\000l\000\040\000A\000p\000p\000e\000n\000d\000i\000x}{chapter.15}% 99
\BOOKMARK [1][-]{section.15.6}{\376\377\000I\000n\000t\000e\000g\000r\000a\000t\000i\000o\000n\000\040\000N\000o\000t\000e\000s}{chapter.15}% 100
\BOOKMARK [-1][-]{part.4}{\376\377\000S\000o\000c\000i\000e\000t\000a\000l\000\040\000S\000y\000s\000t\000e\000m\000s\000\040\000\046\000\040\000G\000o\000v\000e\000r\000n\000a\000n\000c\000e}{}% 101
\BOOKMARK [0][-]{chapter.16}{\376\377\000A\000I\000\040\000E\000t\000h\000i\000c\000s\000\040\000v\000i\000a\000\040\000D\000i\000n\000i\000m\000\040\000S\000c\000a\000f\000f\000o\000l\000d}{part.4}% 102
\BOOKMARK [1][-]{section.16.1}{\376\377\000S\000u\000m\000m\000a\000r\000y}{chapter.16}% 103
\BOOKMARK [1][-]{section.16.2}{\376\377\000A\000b\000s\000t\000r\000a\000c\000t}{chapter.16}% 104
\BOOKMARK [1][-]{section.16.3}{\376\377\000D\000e\000p\000e\000n\000d\000e\000n\000c\000i\000e\000s}{chapter.16}% 105
\BOOKMARK [1][-]{section.16.4}{\376\377\000K\000e\000y\000\040\000F\000o\000r\000m\000a\000l\000i\000s\000m\000s}{chapter.16}% 106
\BOOKMARK [1][-]{section.16.5}{\376\377\000M\000a\000t\000h\000e\000m\000a\000t\000i\000c\000a\000l\000\040\000A\000p\000p\000e\000n\000d\000i\000x}{chapter.16}% 107
\BOOKMARK [1][-]{section.16.6}{\376\377\000I\000n\000t\000e\000g\000r\000a\000t\000i\000o\000n\000\040\000N\000o\000t\000e\000s}{chapter.16}% 108
\BOOKMARK [0][-]{chapter.17}{\376\377\000F\000r\000a\000c\000t\000a\000l\000\040\000L\000a\000b\000o\000r\000\040\000E\000n\000c\000o\000d\000i\000n\000g\000\040\000S\000y\000s\000t\000e\000m}{part.4}% 109
\BOOKMARK [1][-]{section.17.1}{\376\377\000S\000u\000m\000m\000a\000r\000y}{chapter.17}% 110
\BOOKMARK [1][-]{section.17.2}{\376\377\000A\000b\000s\000t\000r\000a\000c\000t}{chapter.17}% 111
\BOOKMARK [1][-]{section.17.3}{\376\377\000D\000e\000p\000e\000n\000d\000e\000n\000c\000i\000e\000s}{chapter.17}% 112
\BOOKMARK [1][-]{section.17.4}{\376\377\000K\000e\000y\000\040\000F\000o\000r\000m\000a\000l\000i\000s\000m\000s}{chapter.17}% 113
\BOOKMARK [1][-]{section.17.5}{\376\377\000M\000a\000t\000h\000e\000m\000a\000t\000i\000c\000a\000l\000\040\000A\000p\000p\000e\000n\000d\000i\000x}{chapter.17}% 114
\BOOKMARK [1][-]{section.17.6}{\376\377\000I\000n\000t\000e\000g\000r\000a\000t\000i\000o\000n\000\040\000N\000o\000t\000e\000s}{chapter.17}% 115
\BOOKMARK [0][-]{chapter.18}{\376\377\000O\000b\000l\000i\000c\000o\000s\000m\000\040\000D\000o\000c\000t\000r\000i\000n\000e}{part.4}% 116
\BOOKMARK [1][-]{section.18.1}{\376\377\000S\000u\000m\000m\000a\000r\000y}{chapter.18}% 117
\BOOKMARK [1][-]{section.18.2}{\376\377\000A\000b\000s\000t\000r\000a\000c\000t}{chapter.18}% 118
\BOOKMARK [1][-]{section.18.3}{\376\377\000D\000e\000p\000e\000n\000d\000e\000n\000c\000i\000e\000s}{chapter.18}% 119
\BOOKMARK [1][-]{section.18.4}{\376\377\000K\000e\000y\000\040\000F\000o\000r\000m\000a\000l\000i\000s\000m\000s}{chapter.18}% 120
\BOOKMARK [1][-]{section.18.5}{\376\377\000M\000a\000t\000h\000e\000m\000a\000t\000i\000c\000a\000l\000\040\000A\000p\000p\000e\000n\000d\000i\000x}{chapter.18}% 121
\BOOKMARK [1][-]{section.18.6}{\376\377\000I\000n\000t\000e\000g\000r\000a\000t\000i\000o\000n\000\040\000N\000o\000t\000e\000s}{chapter.18}% 122
\BOOKMARK [-1][-]{part.5}{\376\377\000O\000t\000h\000e\000r\000\040\000P\000r\000o\000j\000e\000c\000t\000s}{}% 123
\BOOKMARK [0][-]{chapter.19}{\376\377\000D\000e\000r\000i\000v\000e\000d\000\040\000L\000-\000S\000y\000s\000t\000e\000m\000\040\000S\000i\000g\000m\000a\000\040\000M\000o\000d\000e\000l\000s}{part.5}% 124
\BOOKMARK [1][-]{section.19.1}{\376\377\000S\000u\000m\000m\000a\000r\000y}{chapter.19}% 125
\BOOKMARK [1][-]{section.19.2}{\376\377\000A\000b\000s\000t\000r\000a\000c\000t}{chapter.19}% 126
\BOOKMARK [1][-]{section.19.3}{\376\377\000D\000e\000p\000e\000n\000d\000e\000n\000c\000i\000e\000s}{chapter.19}% 127
\BOOKMARK [1][-]{section.19.4}{\376\377\000K\000e\000y\000\040\000F\000o\000r\000m\000a\000l\000i\000s\000m\000s}{chapter.19}% 128
\BOOKMARK [1][-]{section.19.5}{\376\377\000M\000a\000t\000h\000e\000m\000a\000t\000i\000c\000a\000l\000\040\000A\000p\000p\000e\000n\000d\000i\000x}{chapter.19}% 129
\BOOKMARK [1][-]{section.19.6}{\376\377\000I\000n\000t\000e\000g\000r\000a\000t\000i\000o\000n\000\040\000N\000o\000t\000e\000s}{chapter.19}% 130
\BOOKMARK [-1][-]{part.6}{\376\377\000A\000p\000p\000e\000n\000d\000i\000c\000e\000s}{}% 131
\BOOKMARK [0][-]{appendix.A}{\376\377\000C\000r\000o\000s\000s\000-\000P\000r\000o\000j\000e\000c\000t\000\040\000M\000a\000t\000h\000e\000m\000a\000t\000i\000c\000a\000l\000\040\000I\000n\000t\000e\000g\000r\000a\000t\000i\000o\000n\000s}{part.6}% 132
\BOOKMARK [1][-]{section.A.1}{\376\377\000S\000u\000m\000m\000a\000r\000y}{appendix.A}% 133
\BOOKMARK [1][-]{section.A.2}{\376\377\000C\000a\000t\000e\000g\000o\000r\000y\000\040\000T\000h\000e\000o\000r\000y}{appendix.A}% 134
\BOOKMARK [1][-]{section.A.3}{\376\377\000H\000o\000m\000o\000t\000o\000p\000y\000\040\000S\000t\000r\000u\000c\000t\000u\000r\000e\000s}{appendix.A}% 135
\BOOKMARK [1][-]{section.A.4}{\376\377\000F\000u\000n\000c\000t\000o\000r\000i\000a\000l\000\040\000M\000a\000p\000p\000i\000n\000g\000s}{appendix.A}% 136
\BOOKMARK [0][-]{appendix.B}{\376\377\000P\000r\000o\000j\000e\000c\000t\000\040\000C\000a\000t\000a\000l\000o\000g}{part.6}% 137
\BOOKMARK [1][-]{section.B.1}{\376\377\000C\000o\000g\000n\000i\000t\000i\000v\000e\000\040\000S\000y\000s\000t\000e\000m\000s\000\040\000\046\000\040\000A\000I\000\040\000A\000r\000c\000h\000i\000t\000e\000c\000t\000u\000r\000e}{appendix.B}% 138
\BOOKMARK [0][-]{appendix*.70}{\376\377\000B\000i\000b\000l\000i\000o\000g\000r\000a\000p\000h\000y}{part.6}% 139
